
> lumin-dashboard@0.0.0 build
> tsc -b && vite build

src/components/ChartCard.tsx(4,27): error TS2307: Cannot find module '../data/mockData' or its corresponding type declarations.
src/components/Dashboard.tsx(20,33): error TS6133: 'openGenericModal' is declared but its value is never read.
src/components/NewTransactionModal.tsx(4,27): error TS2307: Cannot find module '../data/cardsData' or its corresponding type declarations.
src/components/NewTransactionModal.tsx(5,27): error TS2307: Cannot find module '../data/debtsData' or its corresponding type declarations.
src/components/NewTransactionModal.tsx(208,67): error TS7006: Parameter 'd' implicitly has an 'any' type.
src/components/NewTransactionModal.tsx(208,97): error TS7006: Parameter 'debt' implicitly has an 'any' type.
src/components/NewTransactionModal.tsx(259,56): error TS7006: Parameter 'card' implicitly has an 'any' type.
